// Jest Snapshot v1, https://goo.gl/fbAQLP

exports[`<IconEJ /> renders <IconEJ /> correctly 1`] = `
<View
  accessible={true}
  focusable={true}
  onClick={[Function]}
  onResponderGrant={[Function]}
  onResponderMove={[Function]}
  onResponderRelease={[Function]}
  onResponderTerminate={[Function]}
  onResponderTerminationRequest={[Function]}
  onStartShouldSetResponder={[Function]}
  style={
    Object {
      "opacity": 1,
    }
  }
  testID="button-icon"
>
  <Text
    allowFontScaling={false}
    style={
      Array [
        Object {
          "color": undefined,
          "fontSize": 12,
        },
        Array [
          Object {
            "color": "#000",
            "fontSize": 30,
          },
          Object {
            "color": "#000",
            "fontSize": 30,
          },
          Object {
            "color": "#ffffff",
            "fontSize": 20,
          },
        ],
        Object {
          "fontFamily": "FontAwesome",
          "fontStyle": "normal",
          "fontWeight": "normal",
        },
        Object {},
      ]
    }
    type="FontAwesome"
  >
    
  </Text>
</View>
`;
